
> react-kavia@0.1.0 start
> react-scripts start

Attempting to bind to HOST environment variable: 0.0.0.0
If this was unintentional, check that you haven't mistakenly set it in your shell.
Learn more here: https://cra.link/advanced-config

(node:4469) [DEP_WEBPACK_DEV_SERVER_ON_AFTER_SETUP_MIDDLEWARE] DeprecationWarning: 'onAfterSetupMiddleware' option is deprecated. Please use the 'setupMiddlewares' option.
(Use `node --trace-deprecation ...` to show where the warning was created)
(node:4469) [DEP_WEBPACK_DEV_SERVER_ON_BEFORE_SETUP_MIDDLEWARE] DeprecationWarning: 'onBeforeSetupMiddleware' option is deprecated. Please use the 'setupMiddlewares' option.
Starting the development server...

Compiled with warnings.

[eslint] 
src/components/NoteCard.js
  Line 13:6:  React Hook useEffect has missing dependencies: 'note?.content' and 'note?.title'. Either include them or remove the dependency array. If 'setTitle' needs the current value of 'note.title', you can also switch to useReducer instead of useState and read 'note.title' in the reducer  react-hooks/exhaustive-deps

Search for the keywords to learn more about each warning.
To ignore, add // eslint-disable-next-line to the line before.

WARNING in [eslint] 
src/components/NoteCard.js
  Line 13:6:  React Hook useEffect has missing dependencies: 'note?.content' and 'note?.title'. Either include them or remove the dependency array. If 'setTitle' needs the current value of 'note.title', you can also switch to useReducer instead of useState and read 'note.title' in the reducer  react-hooks/exhaustive-deps

webpack compiled with 1 warning
Compiling...
Compiled with warnings.

[eslint] 
src/components/NoteCard.js
  Line 13:6:  React Hook useEffect has missing dependencies: 'note?.content' and 'note?.title'. Either include them or remove the dependency array. If 'setTitle' needs the current value of 'note.title', you can also switch to useReducer instead of useState and read 'note.title' in the reducer  react-hooks/exhaustive-deps

Search for the keywords to learn more about each warning.
To ignore, add // eslint-disable-next-line to the line before.

WARNING in [eslint] 
src/components/NoteCard.js
  Line 13:6:  React Hook useEffect has missing dependencies: 'note?.content' and 'note?.title'. Either include them or remove the dependency array. If 'setTitle' needs the current value of 'note.title', you can also switch to useReducer instead of useState and read 'note.title' in the reducer  react-hooks/exhaustive-deps

webpack compiled with 1 warning
